[backblue.gif]
[fade.gif]
[index.html]
[beer2code.com/themes/core-admin/images/avatars/avatar1.jpg]
[beer2code.com/themes/core-admin/images/avatars/avatar2.jpg]
[beer2code.com/themes/core-admin/pages/dashboard/dashboard.html]
[beer2code.com/themes/core-admin/pages/ui_lab/buttons.html]
[beer2code.com/themes/core-admin/images/avatars/avatar3.jpg]
[farm8.staticflickr.com/7013/6754656011_3de2cc73a2_z.jpg]
[farm8.staticflickr.com/7042/6895252645_45f5dfffaa_z.jpg]
[farm8.staticflickr.com/7183/6943277737_21b521659c_z.jpg]
[farm8.staticflickr.com/7047/7000951429_5eae078a62_z.jpg]
[farm6.staticflickr.com/5346/7051537899_efc7a44830_z.jpg]
[farm8.staticflickr.com/7268/6951148260_440661b4d1_z.jpg]
[farm8.staticflickr.com/7259/6930112984_5fcc076288_z.jpg]
[farm8.staticflickr.com/7276/6886626710_047cd03acb_z.jpg]
[farm8.staticflickr.com/7020/6683299491_f2b5f6aa8b_z.jpg]
[beer2code.com/themes/core-admin/pages/ui_lab/general.html]
[beer2code.com/themes/core-admin/pages/ui_lab/icons.html]
[beer2code.com/themes/core-admin/pages/ui_lab/grid.html]
[beer2code.com/themes/core-admin/pages/ui_lab/tables.html]
[beer2code.com/themes/core-admin/pages/ui_lab/widgets.html]
[beer2code.com/themes/core-admin/pages/forms/forms.html]
[beer2code.com/themes/core-admin/pages/charts/charts.html]
[beer2code.com/themes/core-admin/images/groups.png]
[beer2code.com/themes/core-admin/pages/other/wizard.html]
[beer2code.com/themes/core-admin/pages/other/login.html]
[beer2code.com/themes/core-admin/pages/other/sign_up.html]
[beer2code.com/themes/core-admin/pages/other/full_calendar.html]
[beer2code.com/themes/core-admin/pages/other/error404.html]
[beer2code.com/themes/core-admin/images/bg.png]
[beer2code.com/themes/core-admin/images/ie-spacer.gif]
[beer2code.com/themes/core-admin/images/loading.gif]
[beer2code.com/themes/core-admin/images/blue.png]
[beer2code.com/themes/core-admin/stylesheets/application.css]
[beer2code.com/themes/core-admin/javascripts/application.js]
[beer2code.com/themes/core-admin/images/glyphicons-halflings.html]
[beer2code.com/themes/core-admin/images/glyphicons-halflings-white.html]
[beer2code.com/themes/core-admin/pages/dashboard/Chrome/index.html]
[beer2code.com/themes/core-admin/pages/dashboard/Opera/index.html]
[beer2code.com/themes/core-admin/pages/dashboard/hpwos/index.html]
